---
source: crates/simplexpr/src/dynval.rs
expression: "DynVal::from(\"..=-1\").as_range()"
---
Ok(
    (
        Unbounded,
        Included(
            -1.0,
        ),
    ),
)
